I'm sorry, but errors were detected in your script. Please correct the
errors listed below, and try again.


File "game/script.rpy", line 17: end of line expected.
    show img1.png
             ^

Ren'Py Version: Ren'Py 8.1.3.23091805
Wed Oct 25 15:51:26 2023
